// Jest Snapshot v1, https://goo.gl/fbAQLP

exports[`Component: App should render a <App /> 1`] = `
<View
  pointerEvents="box-none"
  style={
    Object {
      "flex": 1,
    }
  }
>
  <View
    collapsable={true}
    pointerEvents="box-none"
    style={
      Object {
        "flex": 1,
      }
    }
  >
    <RNCSafeAreaProvider
      style={
        Array [
          Object {
            "flex": 1,
          },
          undefined,
        ]
      }
    />
  </View>
</View>
`;
